
> frontend@0.0.0 build
> ng build

node.exe : - Building...
At line:1 char:1
+ & "C:\nvm4w\nodejs/node.exe" "C:\nvm4w\nodejs/node_modules/npm/bin/np 
...
+ ~~~~~~~~~~~~~~~~~~~~~~~~~~~~~~~~~~~~~~~~~~~~~~~~~~~~~~~~~~~~~~~~~~~~~
    + CategoryInfo          : NotSpecified: (- Building...:String) [], Re 
   moteException
    + FullyQualifiedErrorId : NativeCommandError
 

Application bundle generation failed. [3.440 seconds]

X [ERROR] TS-992008: Could not find stylesheet file 
'./agence-list.component.css'. [plugin angular-compiler]

    src/app/features/agences/agence-list/agence-list.component.ts:14:14:
      14 Γöé   styleUrls: ['./agence-list.component.css']
         Γò╡               ~~~~~~~~~~~~~~~~~~~~~~~~~~~~~


X [ERROR] NG8002: Can't bind to 'ngModel' since it isn't a known property 
of 'input'. [plugin angular-compiler]

    src/app/features/expeditions/add-expedition/add-expedition.component.h
tml:281:31:
      281 Γöé ...input type="text" [(ngModel)]="newAgence.nom" 
class="block w-f...
          Γò╡                      ~~~~~~~~~~~~~~~~~~~~~~~~~~~

  Error occurs in the template of component AddExpeditionComponent.

    src/app/features/expeditions/add-expedition/add-expedition.component.t
s:16:15:
      16 Γöé   templateUrl: './add-expedition.component.html',
         Γò╡                ~~~~~~~~~~~~~~~~~~~~~~~~~~~~~~~~~


X [ERROR] NG8002: Can't bind to 'ngModel' since it isn't a known property 
of 'input'. [plugin angular-compiler]

    src/app/features/expeditions/add-expedition/add-expedition.component.h
tml:285:31:
      285 Γöé ...nput type="text" [(ngModel)]="newAgence.ville" 
class="block w-...
          Γò╡                     ~~~~~~~~~~~~~~~~~~~~~~~~~~~~~

  Error occurs in the template of component AddExpeditionComponent.

    src/app/features/expeditions/add-expedition/add-expedition.component.t
s:16:15:
      16 Γöé   templateUrl: './add-expedition.component.html',
         Γò╡                ~~~~~~~~~~~~~~~~~~~~~~~~~~~~~~~~~


