[INFO] Scanning for projects...
[INFO] 
[INFO] ------------------------< com.example:backend >-------------------------
[INFO] Building backend 0.0.1-SNAPSHOT
[INFO]   from pom.xml
[INFO] --------------------------------[ jar ]---------------------------------
[INFO] 
[INFO] --- clean:3.5.0:clean (default-clean) @ backend ---
[INFO] Deleting C:\new_sysmo\backend\target
[INFO] 
[INFO] --- resources:3.3.1:resources (default-resources) @ backend ---
[INFO] Copying 1 resource from src\main\resources to target\classes
[INFO] Copying 0 resource from src\main\resources to target\classes
[INFO] 
[INFO] --- compiler:3.14.1:compile (default-compile) @ backend ---
[INFO] Recompiling the module because of changed source code.
[INFO] Compiling 47 source files with javac [debug parameters release 17] to target\classes
mvn : WARNING: A terminally deprecated method in sun.misc.Unsafe has been 
called
At line:1 char:1
+ mvn clean compile > compile.log 2>&1
+ ~~~~~~~~~~~~~~~~~~~~~~~~~~~~~~~~~~~~
    + CategoryInfo          : NotSpecified: (WARNING: A term...has been called 
   :String) [], RemoteException
    + FullyQualifiedErrorId : NativeCommandError
 
WARNING: sun.misc.Unsafe::objectFieldOffset has been called by 
lombok.permit.Permit
WARNING: Please consider reporting this to the maintainers of class 
lombok.permit.Permit
WARNING: sun.misc.Unsafe::objectFieldOffset will be removed in a future release
[INFO] -------------------------------------------------------------
[ERROR] COMPILATION ERROR : 
[INFO] -------------------------------------------------------------
[ERROR] /C:/new_sysmo/backend/src/main/java/com/example/backend/services/ExpeditionService.java:[54,36] cannot find symbol
  symbol:   method getCatprodId()
  location: variable dto of type com.example.backend.dtos.expeditions.ExpeditionRequestDTO
[ERROR] /C:/new_sysmo/backend/src/main/java/com/example/backend/services/ExpeditionService.java:[54,98] cannot find symbol
  symbol:   method getCatprodId()
  location: variable dto of type com.example.backend.dtos.expeditions.ExpeditionRequestDTO
[ERROR] /C:/new_sysmo/backend/src/main/java/com/example/backend/services/ExpeditionService.java:[62,30] cannot find symbol
  symbol:   method getColis()
  location: variable dto of type com.example.backend.dtos.expeditions.ExpeditionRequestDTO
[ERROR] /C:/new_sysmo/backend/src/main/java/com/example/backend/services/ExpeditionService.java:[63,29] cannot find symbol
  symbol:   method getPoid()
  location: variable dto of type com.example.backend.dtos.expeditions.ExpeditionRequestDTO
[ERROR] /C:/new_sysmo/backend/src/main/java/com/example/backend/services/ExpeditionService.java:[64,31] cannot find symbol
  symbol:   method getVolume()
  location: variable dto of type com.example.backend.dtos.expeditions.ExpeditionRequestDTO
[ERROR] /C:/new_sysmo/backend/src/main/java/com/example/backend/services/ExpeditionService.java:[65,34] cannot find symbol
  symbol:   method getEtiquette()
  location: variable dto of type com.example.backend.dtos.expeditions.ExpeditionRequestDTO
[ERROR] /C:/new_sysmo/backend/src/main/java/com/example/backend/services/ExpeditionService.java:[66,37] cannot find symbol
  symbol:   method getEncombrement()
  location: variable dto of type com.example.backend.dtos.expeditions.ExpeditionRequestDTO
[ERROR] /C:/new_sysmo/backend/src/main/java/com/example/backend/services/ExpeditionService.java:[75,27] cannot find symbol
  symbol:   method isBl()
  location: variable dto of type com.example.backend.dtos.expeditions.ExpeditionRequestDTO
[ERROR] /C:/new_sysmo/backend/src/main/java/com/example/backend/services/ExpeditionService.java:[77,32] cannot find symbol
  symbol:   method isFacture()
  location: variable dto of type com.example.backend.dtos.expeditions.ExpeditionRequestDTO
[ERROR] /C:/new_sysmo/backend/src/main/java/com/example/backend/services/ExpeditionService.java:[80,33] cannot find symbol
  symbol:   method getRef_regl()
  location: variable dto of type com.example.backend.dtos.expeditions.ExpeditionRequestDTO
[ERROR] /C:/new_sysmo/backend/src/main/java/com/example/backend/services/ExpeditionService.java:[129,81] cannot find symbol
  symbol:   method getId()
  location: class com.example.backend.models.users.User
[ERROR] /C:/new_sysmo/backend/src/main/java/com/example/backend/services/ExpeditionService.java:[133,85] cannot find symbol
  symbol:   method getId()
  location: class com.example.backend.models.users.User
[ERROR] /C:/new_sysmo/backend/src/main/java/com/example/backend/services/ExpeditionService.java:[137,73] cannot find symbol
  symbol:   method getId()
  location: class com.example.backend.models.logistique.Agence
[ERROR] /C:/new_sysmo/backend/src/main/java/com/example/backend/services/ExpeditionService.java:[140,16] cannot find symbol
  symbol:   method setNatureId(java.lang.Long)
  location: variable res of type com.example.backend.dtos.expeditions.ExpeditionResponseDTO
[ERROR] /C:/new_sysmo/backend/src/main/java/com/example/backend/services/ExpeditionService.java:[143,16] cannot find symbol
  symbol:   method setTypeId(java.lang.Long)
  location: variable res of type com.example.backend.dtos.expeditions.ExpeditionResponseDTO
[ERROR] /C:/new_sysmo/backend/src/main/java/com/example/backend/services/ExpeditionService.java:[149,16] cannot find symbol
  symbol:   method setPoid(double)
  location: variable res of type com.example.backend.dtos.expeditions.ExpeditionResponseDTO
[ERROR] /C:/new_sysmo/backend/src/main/java/com/example/backend/services/ExpeditionService.java:[151,16] cannot find symbol
  symbol:   method setEtiquette(int)
  location: variable res of type com.example.backend.dtos.expeditions.ExpeditionResponseDTO
[ERROR] /C:/new_sysmo/backend/src/main/java/com/example/backend/services/ExpeditionService.java:[152,16] cannot find symbol
  symbol:   method setEncombrement(double)
  location: variable res of type com.example.backend.dtos.expeditions.ExpeditionResponseDTO
[ERROR] /C:/new_sysmo/backend/src/main/java/com/example/backend/services/ExpeditionService.java:[154,16] cannot find symbol
  symbol:   method setFond(double)
  location: variable res of type com.example.backend.dtos.expeditions.ExpeditionResponseDTO
[ERROR] /C:/new_sysmo/backend/src/main/java/com/example/backend/services/ExpeditionService.java:[163,16] cannot find symbol
  symbol:   method setRef_regl(java.lang.Long)
  location: variable res of type com.example.backend.dtos.expeditions.ExpeditionResponseDTO
[ERROR] /C:/new_sysmo/backend/src/main/java/com/example/backend/services/ExpeditionService.java:[164,16] cannot find symbol
  symbol:   method setPs(double)
  location: variable res of type com.example.backend.dtos.expeditions.ExpeditionResponseDTO
[ERROR] /C:/new_sysmo/backend/src/main/java/com/example/backend/services/ExpeditionService.java:[166,53] cannot find symbol
  symbol:   method setModeReglId(java.lang.Long)
  location: variable res of type com.example.backend.dtos.expeditions.ExpeditionResponseDTO
[ERROR] /C:/new_sysmo/backend/src/main/java/com/example/backend/services/ExpeditionService.java:[167,48] cannot find symbol
  symbol:   method setPortId(java.lang.Long)
  location: variable res of type com.example.backend.dtos.expeditions.ExpeditionResponseDTO
[ERROR] /C:/new_sysmo/backend/src/main/java/com/example/backend/services/ExpeditionService.java:[168,51] cannot find symbol
  symbol:   method setCatprodId(java.lang.Long)
  location: variable res of type com.example.backend.dtos.expeditions.ExpeditionResponseDTO
[ERROR] /C:/new_sysmo/backend/src/main/java/com/example/backend/services/ExpeditionService.java:[169,50] cannot find symbol
  symbol:   method setCreditId(java.lang.Long)
  location: variable res of type com.example.backend.dtos.expeditions.ExpeditionResponseDTO
[ERROR] /C:/new_sysmo/backend/src/main/java/com/example/backend/services/ExpeditionService.java:[170,48] cannot find symbol
  symbol:   method setUnitId(java.lang.Long)
  location: variable res of type com.example.backend.dtos.expeditions.ExpeditionResponseDTO
[ERROR] /C:/new_sysmo/backend/src/main/java/com/example/backend/services/ExpeditionService.java:[171,53] cannot find symbol
  symbol:   method setLivraisonId(java.lang.Long)
  location: variable res of type com.example.backend.dtos.expeditions.ExpeditionResponseDTO
[ERROR] /C:/new_sysmo/backend/src/main/java/com/example/backend/services/ExpeditionService.java:[172,52] cannot find symbol
  symbol:   method setTaxationId(java.lang.Long)
  location: variable res of type com.example.backend.dtos.expeditions.ExpeditionResponseDTO
[INFO] 28 errors 
[INFO] -------------------------------------------------------------
[INFO] ------------------------------------------------------------------------
[INFO] BUILD FAILURE
[INFO] ------------------------------------------------------------------------
[INFO] Total time:  4.293 s
[INFO] Finished at: 2026-03-17T12:39:45Z
[INFO] ------------------------------------------------------------------------
[ERROR] Failed to execute goal org.apache.maven.plugins:maven-compiler-plugin:3.14.1:compile (default-compile) on project backend: Compilation failure: Compilation failure: 
[ERROR] /C:/new_sysmo/backend/src/main/java/com/example/backend/services/ExpeditionService.java:[54,36] cannot find symbol
[ERROR]   symbol:   method getCatprodId()
[ERROR]   location: variable dto of type com.example.backend.dtos.expeditions.ExpeditionRequestDTO
[ERROR] /C:/new_sysmo/backend/src/main/java/com/example/backend/services/ExpeditionService.java:[54,98] cannot find symbol
[ERROR]   symbol:   method getCatprodId()
[ERROR]   location: variable dto of type com.example.backend.dtos.expeditions.ExpeditionRequestDTO
[ERROR] /C:/new_sysmo/backend/src/main/java/com/example/backend/services/ExpeditionService.java:[62,30] cannot find symbol
[ERROR]   symbol:   method getColis()
[ERROR]   location: variable dto of type com.example.backend.dtos.expeditions.ExpeditionRequestDTO
[ERROR] /C:/new_sysmo/backend/src/main/java/com/example/backend/services/ExpeditionService.java:[63,29] cannot find symbol
[ERROR]   symbol:   method getPoid()
[ERROR]   location: variable dto of type com.example.backend.dtos.expeditions.ExpeditionRequestDTO
[ERROR] /C:/new_sysmo/backend/src/main/java/com/example/backend/services/ExpeditionService.java:[64,31] cannot find symbol
[ERROR]   symbol:   method getVolume()
[ERROR]   location: variable dto of type com.example.backend.dtos.expeditions.ExpeditionRequestDTO
[ERROR] /C:/new_sysmo/backend/src/main/java/com/example/backend/services/ExpeditionService.java:[65,34] cannot find symbol
[ERROR]   symbol:   method getEtiquette()
[ERROR]   location: variable dto of type com.example.backend.dtos.expeditions.ExpeditionRequestDTO
[ERROR] /C:/new_sysmo/backend/src/main/java/com/example/backend/services/ExpeditionService.java:[66,37] cannot find symbol
[ERROR]   symbol:   method getEncombrement()
[ERROR]   location: variable dto of type com.example.backend.dtos.expeditions.ExpeditionRequestDTO
[ERROR] /C:/new_sysmo/backend/src/main/java/com/example/backend/services/ExpeditionService.java:[75,27] cannot find symbol
[ERROR]   symbol:   method isBl()
[ERROR]   location: variable dto of type com.example.backend.dtos.expeditions.ExpeditionRequestDTO
[ERROR] /C:/new_sysmo/backend/src/main/java/com/example/backend/services/ExpeditionService.java:[77,32] cannot find symbol
[ERROR]   symbol:   method isFacture()
[ERROR]   location: variable dto of type com.example.backend.dtos.expeditions.ExpeditionRequestDTO
[ERROR] /C:/new_sysmo/backend/src/main/java/com/example/backend/services/ExpeditionService.java:[80,33] cannot find symbol
[ERROR]   symbol:   method getRef_regl()
[ERROR]   location: variable dto of type com.example.backend.dtos.expeditions.ExpeditionRequestDTO
[ERROR] /C:/new_sysmo/backend/src/main/java/com/example/backend/services/ExpeditionService.java:[129,81] cannot find symbol
[ERROR]   symbol:   method getId()
[ERROR]   location: class com.example.backend.models.users.User
[ERROR] /C:/new_sysmo/backend/src/main/java/com/example/backend/services/ExpeditionService.java:[133,85] cannot find symbol
[ERROR]   symbol:   method getId()
[ERROR]   location: class com.example.backend.models.users.User
[ERROR] /C:/new_sysmo/backend/src/main/java/com/example/backend/services/ExpeditionService.java:[137,73] cannot find symbol
[ERROR]   symbol:   method getId()
[ERROR]   location: class com.example.backend.models.logistique.Agence
[ERROR] /C:/new_sysmo/backend/src/main/java/com/example/backend/services/ExpeditionService.java:[140,16] cannot find symbol
[ERROR]   symbol:   method setNatureId(java.lang.Long)
[ERROR]   location: variable res of type com.example.backend.dtos.expeditions.ExpeditionResponseDTO
[ERROR] /C:/new_sysmo/backend/src/main/java/com/example/backend/services/ExpeditionService.java:[143,16] cannot find symbol
[ERROR]   symbol:   method setTypeId(java.lang.Long)
[ERROR]   location: variable res of type com.example.backend.dtos.expeditions.ExpeditionResponseDTO
[ERROR] /C:/new_sysmo/backend/src/main/java/com/example/backend/services/ExpeditionService.java:[149,16] cannot find symbol
[ERROR]   symbol:   method setPoid(double)
[ERROR]   location: variable res of type com.example.backend.dtos.expeditions.ExpeditionResponseDTO
[ERROR] /C:/new_sysmo/backend/src/main/java/com/example/backend/services/ExpeditionService.java:[151,16] cannot find symbol
[ERROR]   symbol:   method setEtiquette(int)
[ERROR]   location: variable res of type com.example.backend.dtos.expeditions.ExpeditionResponseDTO
[ERROR] /C:/new_sysmo/backend/src/main/java/com/example/backend/services/ExpeditionService.java:[152,16] cannot find symbol
[ERROR]   symbol:   method setEncombrement(double)
[ERROR]   location: variable res of type com.example.backend.dtos.expeditions.ExpeditionResponseDTO
[ERROR] /C:/new_sysmo/backend/src/main/java/com/example/backend/services/ExpeditionService.java:[154,16] cannot find symbol
[ERROR]   symbol:   method setFond(double)
[ERROR]   location: variable res of type com.example.backend.dtos.expeditions.ExpeditionResponseDTO
[ERROR] /C:/new_sysmo/backend/src/main/java/com/example/backend/services/ExpeditionService.java:[163,16] cannot find symbol
[ERROR]   symbol:   method setRef_regl(java.lang.Long)
[ERROR]   location: variable res of type com.example.backend.dtos.expeditions.ExpeditionResponseDTO
[ERROR] /C:/new_sysmo/backend/src/main/java/com/example/backend/services/ExpeditionService.java:[164,16] cannot find symbol
[ERROR]   symbol:   method setPs(double)
[ERROR]   location: variable res of type com.example.backend.dtos.expeditions.ExpeditionResponseDTO
[ERROR] /C:/new_sysmo/backend/src/main/java/com/example/backend/services/ExpeditionService.java:[166,53] cannot find symbol
[ERROR]   symbol:   method setModeReglId(java.lang.Long)
[ERROR]   location: variable res of type com.example.backend.dtos.expeditions.ExpeditionResponseDTO
[ERROR] /C:/new_sysmo/backend/src/main/java/com/example/backend/services/ExpeditionService.java:[167,48] cannot find symbol
[ERROR]   symbol:   method setPortId(java.lang.Long)
[ERROR]   location: variable res of type com.example.backend.dtos.expeditions.ExpeditionResponseDTO
[ERROR] /C:/new_sysmo/backend/src/main/java/com/example/backend/services/ExpeditionService.java:[168,51] cannot find symbol
[ERROR]   symbol:   method setCatprodId(java.lang.Long)
[ERROR]   location: variable res of type com.example.backend.dtos.expeditions.ExpeditionResponseDTO
[ERROR] /C:/new_sysmo/backend/src/main/java/com/example/backend/services/ExpeditionService.java:[169,50] cannot find symbol
[ERROR]   symbol:   method setCreditId(java.lang.Long)
[ERROR]   location: variable res of type com.example.backend.dtos.expeditions.ExpeditionResponseDTO
[ERROR] /C:/new_sysmo/backend/src/main/java/com/example/backend/services/ExpeditionService.java:[170,48] cannot find symbol
[ERROR]   symbol:   method setUnitId(java.lang.Long)
[ERROR]   location: variable res of type com.example.backend.dtos.expeditions.ExpeditionResponseDTO
[ERROR] /C:/new_sysmo/backend/src/main/java/com/example/backend/services/ExpeditionService.java:[171,53] cannot find symbol
[ERROR]   symbol:   method setLivraisonId(java.lang.Long)
[ERROR]   location: variable res of type com.example.backend.dtos.expeditions.ExpeditionResponseDTO
[ERROR] /C:/new_sysmo/backend/src/main/java/com/example/backend/services/ExpeditionService.java:[172,52] cannot find symbol
[ERROR]   symbol:   method setTaxationId(java.lang.Long)
[ERROR]   location: variable res of type com.example.backend.dtos.expeditions.ExpeditionResponseDTO
[ERROR] -> [Help 1]
[ERROR] 
[ERROR] To see the full stack trace of the errors, re-run Maven with the -e switch.
[ERROR] Re-run Maven using the -X switch to enable full debug logging.
[ERROR] 
[ERROR] For more information about the errors and possible solutions, please read the following articles:
[ERROR] [Help 1] http://cwiki.apache.org/confluence/display/MAVEN/MojoFailureException
